// Jest Snapshot v1, https://goo.gl/fbAQLP

exports[`renders Leaderboard rows 1`] = `
Array [
  <tr
    data-testid="leaderboard-row"
  >
    <td
      class="LeaderboardPosition"
    >
      1
    </td>
    <td>
      <img
        alt="Logo"
        src="Developers.png"
      />
    </td>
    <td>
      <p
        class="LeaderboardName"
      >
        Japperales
      </p>
      <p
        class="LeaderboardDonationText"
      >
        Donated $
        100.00
         to 
        <span>
          Red Cross
        </span>
      </p>
    </td>
    <td>
      <a
        href="https://www.w3schools.com/html/html_links.asp"
        rel="noopener noreferrer"
        target="_blank"
      >
        LINK
      </a>
    </td>
  </tr>,
  <tr
    data-testid="leaderboard-row"
  >
    <td
      class="LeaderboardPosition"
    >
      2
    </td>
    <td>
      <img
        alt="Logo"
        src="Aspca_Logo.png"
      />
    </td>
    <td>
      <p
        class="LeaderboardName"
      >
        Delitt
      </p>
      <p
        class="LeaderboardDonationText"
      >
        Donated $
        75.00
         to 
        <span>
          ASPCA
        </span>
      </p>
    </td>
    <td>
      <a
        href="https://www.w3schools.com/html/html_links.asp"
        rel="noopener noreferrer"
        target="_blank"
      >
        LINK
      </a>
    </td>
  </tr>,
]
`;
